ubuntu@ip-10-1-10-84:~$ mysql -h rdsdatabase-1.coib6tnabx8f.us-east-1.rds.amazonaws.com -P 3306 -u admin -p
Enter password: 
Welcome to the MySQL monitor.  Commands end with ; or \g.
Your MySQL connection id is 39
Server version: 5.7.22-log Source distribution

Copyright (c) 2000, 2020, Oracle and/or its affiliates. All rights reserved.

Oracle is a registered trademark of Oracle Corporation and/or its
affiliates. Other names may be trademarks of their respective
owners.

Type 'help;' or '\h' for help. Type '\c' to clear the current input statement.

mysql> CREATE TABLE Persons (
    ->     ID int NOT NULL,
    ->     LastName varchar(255) NOT NULL,
    ->     FirstName varchar(255),
    ->     Age int,
    ->     PRIMARY KEY (ID)
    -> );
ERROR 1046 (3D000): No database selected
mysql> USE DATABASE UDACITY;
ERROR 1049 (42000): Unknown database 'DATABASE'
mysql> USE udacity
Database changed
mysql> USE udacity;
Database changed
mysql> CREATE TABLE recipes (
    ->   recipe_id INT NOT NULL,
    ->   recipe_name VARCHAR(30) NOT NULL,
    ->   PRIMARY KEY (recipe_id),
    ->   UNIQUE (recipe_name)
    -> );
Query OK, 0 rows affected (0.06 sec)

mysql> INSERT INTO recipes 
    ->     (recipe_id, recipe_name) 
    -> VALUES 
    ->     (1,"Tacos"),
    ->     (2,"Tomato Soup"),
    ->     (3,"Grilled Cheese");
Query OK, 3 rows affected (0.01 sec)
Records: 3  Duplicates: 0  Warnings: 0

mysql> SELECT * FROM recipes;
+-----------+----------------+
| recipe_id | recipe_name    |
+-----------+----------------+
|         3 | Grilled Cheese |
|         1 | Tacos          |
|         2 | Tomato Soup    |
+-----------+----------------+
3 rows in set (0.00 sec)

mysql> 
